
> dwellio-landlord-web@0.1.0 build
> tsc -b && vite build

[36mvite v7.3.6 [32mbuilding client environment for production...[36m[39m
transforming...
[32m✓[39m 100 modules transformed.
rendering chunks...
computing gzip size...
[2mdist/[22m[32mindex.html                        [39m[1m[2m  0.73 kB[22m[1m[22m[2m │ gzip:   0.44 kB[22m
[2mdist/[22m[2massets/[22m[35mindex-Cw0mgN7R.css         [39m[1m[2m 46.81 kB[22m[1m[22m[2m │ gzip:  10.32 kB[22m
[2mdist/[22m[2massets/[22m[36mDashboardPage-Bu88kLF3.js  [39m[1m[2m 11.37 kB[22m[1m[22m[2m │ gzip:   3.51 kB[22m
[2mdist/[22m[2massets/[22m[36mBillingPage-BFOXTLGb.js    [39m[1m[2m 70.58 kB[22m[1m[22m[2m │ gzip:  16.66 kB[22m
[2mdist/[22m[2massets/[22m[36mindex-CQbd5KoV.js          [39m[1m[33m519.19 kB[39m[22m[2m │ gzip: 150.48 kB[22m
[33m
(!) Some chunks are larger than 500 kB after minification. Consider:
- Using dynamic import() to code-split the application
- Use build.rollupOptions.output.manualChunks to improve chunking: https://rollupjs.org/configuration-options/#output-manualchunks
- Adjust chunk size limit for this warning via build.chunkSizeWarningLimit.[39m
[32m✓ built in 2.22s[39m
